// Jest Snapshot v1, https://goo.gl/fbAQLP

exports[`renderAppUI renders main UI with filters and task form 1`] = `
"
  <main class="main">
        <header>
          <h1>Task Calendar</h1>
        </header>
      <div class="filters">
      <h2>Filters</h2>
        <input type="date" id="filterDate">
        <select id="filterProgress">
          <option value="new">New</option>
          <option value="in progress">In Progress</option>
          <option value="done">Done</option>
        </select>
        <input type="text" id="filterTags" placeholder="By tags">
        
        <button class="filters__btn" id="filterTasksBtn">Filter tasks</button>
      </div>
      <div class="task-form">
        
        <input type="date" id="taskDate">
        <select id="taskProgress">
          <option value="new">New</option>
          <option value="in progress">In Progress</option>
          <option value="done">Done</option>
        </select>
        <input type="text" id="taskTags" placeholder="Tags">
        <input id="taskText" class="task-text" autofocus="" placeholder="Enter your task">
        <button type="submit" id="add-update-task-btn">Add/Update Task</button>
      </div>
      <ul class="task-list" id="taskList"></ul>
    
  </main>
  "
`;
